2
Vivamus varius ultricies placerat. Ut ut tempor mi, eu faucibus nisl. Morbi convallis dignissim ipsum nec vulputate. Sed auctor nisl vitae orci auctor, elementum iaculis odio fermentum. Ut mollis efficitur fermentum. Cras sit amet neque quis arcu pretium luctus id vitae odio. Mauris id tristique mi.
